// Vitest Snapshot v1, https://vitest.dev/guide/snapshot.html

exports[`Indecision App in Vue 3 > Must match snapshot 1`] = `
"<header-stub title=\\"Decision Maker\\"></header-stub>
<!--v-if-->
<div class=\\"fixed top-0 left-0 w-full h-full bg-black bg-opacity-40 -z-10\\"></div>
<div class=\\"container z-10 pt-40 mx-auto text-center\\"><input type=\\"text\\" placeholder=\\"Ask a question...\\" class=\\"w-full px-4 py-2 text-gray-800 bg-white border-none rounded-lg shadow-lg md:w-96\\">
  <p class=\\"mt-2 text-gray-300 lg:text-3xl md:text-sm\\">Remember to end your question with (?)</p>
</div>
<!--v-if-->"
`;
