// Vitest Snapshot v1, https://vitest.dev/guide/snapshot.html

exports[`EntryList component tests > should call getEntriesByTerm and show 5 entries. 1`] = `
"<div data-v-cac28731=\\"\\" class=\\"h-screen mx-4 mt-4 border-r border-green-900 entry-list-container\\"><input data-v-cac28731=\\"\\" type=\\"text\\" class=\\"items-center w-11/12 px-2 py-2 mx-auto rounded-md shadow-md ring-1 ring-gray-400 focus:border-green-500 focus:ring focus:ring-green-200 focus:ring-opacity-50\\" placeholder=\\"Search Entry\\">
  <div data-v-cac28731=\\"\\" class=\\"flex flex-col items-center justify-center my-4\\"><button data-v-cac28731=\\"\\" class=\\"w-2/3 px-4 py-2 font-semibold text-white bg-green-800 rounded hover:bg-green-900\\"><i data-v-cac28731=\\"\\" class=\\"fas fa-plus-circle\\"></i> New Entry </button></div>
  <div data-v-cac28731=\\"\\" class=\\"overflow-scroll entry-scroll-area\\">
    <entry-stub data-v-cac28731=\\"\\" entry=\\"[object Object]\\"></entry-stub>
    <entry-stub data-v-cac28731=\\"\\" entry=\\"[object Object]\\"></entry-stub>
    <entry-stub data-v-cac28731=\\"\\" entry=\\"[object Object]\\"></entry-stub>
    <entry-stub data-v-cac28731=\\"\\" entry=\\"[object Object]\\"></entry-stub>
    <entry-stub data-v-cac28731=\\"\\" entry=\\"[object Object]\\"></entry-stub>
  </div>
</div>"
`;
