// Vitest Snapshot v1, https://vitest.dev/guide/snapshot.html

exports[`Testing in Login Component > should match the snapshot 1`] = `
"<span data-v-31fdec28=\\"\\" class=\\"block pb-10 font-mono text-3xl font-bold leading-4 text-center text-white uppercase\\"> Log in </span>
<form data-v-31fdec28=\\"\\" class=\\"w-full pt-2 pb-8 bg-white rounded-xl\\">
  <!--v-if-->
  <div data-v-31fdec28=\\"\\" class=\\"relative w-full px-0 border border-solid border-b-gray-300 py-7\\" data-validate=\\"email\\"><input data-v-31fdec28=\\"\\" autocomplete=\\"current-email\\" class=\\"text-xl text-[#555555] leading-[1.2] block w-full h-[50px] transition-all duration-[0.4s] pl-20 pr-2.5 py-0 focus:pl-[60px]\\" type=\\"text\\" placeholder=\\"Email\\" required=\\"\\"><span data-v-31fdec28=\\"\\" class=\\"absolute block w-full h-full pointer-events-none left-0 top-0 before:content-[''] before:block before:absolute before:w-0 before:h-px before:transition-all before:duration-[0.4s] before:left-0 before:-bottom-px focus-input\\" data-placeholder=\\"\\"></span></div>
  <div data-v-31fdec28=\\"\\" class=\\"relative w-full px-0 border border-solid border-b-gray-300 py-7\\" data-validate=\\"password\\"><input data-v-31fdec28=\\"\\" autocomplete=\\"current-password\\" class=\\"text-xl text-[#555555] leading-[1.2] block w-full h-[50px] transition-all duration-[0.4s] pl-20 pr-2.5 py-0 focus:pl-[60px]\\" type=\\"password\\" placeholder=\\"Password\\" required=\\"\\"><span data-v-31fdec28=\\"\\" class=\\"absolute block w-full h-full top-0 left-0 pointer-events-none before:content-[''] before:bg-gradient-to-r before:from-rose-600 before:via-red-600 before:to-pink-600 focus:pl-14 focus-input\\" data-placeholder=\\"\\"></span></div>
  <div data-v-31fdec28=\\"\\" class=\\"flex flex-wrap justify-center w-full mt-8\\"><button data-v-31fdec28=\\"\\" class=\\"font-mono text-lg text-white leading-4 uppercase flex justify-center items-center py-0 px-5 min-w-[160px] h-11 rounded-3xl relative -z-0 transition-all duration-300 bg-gradient-to-r from-purple-500 via-indigo-500 to-blue-500 hover:opacity-90\\"> Login </button></div>
  <div data-v-31fdec28=\\"\\" class=\\"flex flex-wrap justify-center w-full mt-8\\">
    <router-link-stub data-v-31fdec28=\\"\\" to=\\"[object Object]\\" class=\\"text-indigo-500 hover:text-indigo-700\\"></router-link-stub>
  </div>
</form>"
`;
